
CASE 0 A 1 free set()
WORKS 0 [(('u', 0, 0), (2*k - 1)/(2*(k - 1))), (('u', 1, 0), 1/2), (('v', 0, 0), 1), (('v', 1, 0), 1), (('v', 2, 0), (3*k - 2)/(2*(k - 1))), ('mu', -1/2)]

CASE 0 A -1 free set()
WORKS 0 [(('u', 0, 0), (2*k - 3)/(2*(k - 1))), (('u', 1, 0), 3/2), (('v', 0, 0), 1), (('v', 1, 0), 1), (('v', 2, 0), (k - 2)/(2*(k - 1))), ('mu', 1/2)]

CASE 0 X 1 free {v7}
WORKS 1/2 [(('u', 0, 0), k*(2*k - 7)/(2*(k - 2)*(k - 1))), (('u', 0, 1), 3*k/(2*(k - 1))), (('u', 1, 0), k/(2*(k - 2))), (('u', 1, 1), 0), (('v', 0, 0), (k**3 - 5*k**2 + 8*k - 2)/((k - 2)**2*(k - 1))), (('v', 0, 1), (k**2 - 3*k + 1)/((k - 2)*(k - 1))), (('v', 1, 0), (k - 1)/(k - 2)), (('v', 1, 1), 1/2), ('mu', -1/2)]

CASE 0 X -1 free {v7}
WORKS 3/2 [(('u', 0, 0), (2*k**2 - 5*k + 8)/(2*(k - 2)*(k - 1))), (('u', 0, 1), (k - 4)/(2*(k - 1))), (('u', 1, 0), (3*k - 8)/(2*(k - 2))), (('u', 1, 1), 2), (('v', 0, 0), (k - 3)*(k**2 - 2*k + 2)/((k - 2)**2*(k - 1))), (('v', 0, 1), (k**2 - 3*k + 3)/((k - 2)*(k - 1))), (('v', 1, 0), (k - 3)/(k - 2)), (('v', 1, 1), 3/2), ('mu', 1/2)]

CASE 0 B 1 free {v5}
WORKS 0 [(('u', 0, 0), (k - 3)/(k - 2)), (('u', 0, 1), (2*k - 5)/(2*(k - 2))), (('u', 0, 2), (2*k + 1)/2), (('v', 0, 0), (k**2 - 3*k + 4)/((k - 2)*(k - 1))), (('v', 0, 1), (k**2 - 3*k + 3)/((k - 2)*(k - 1))), (('v', 0, 2), 0), ('mu', -1)]

CASE 0 B -1 free {v5}
WORKS 1/(k - 1) [(('u', 0, 0), k/(k - 3)), (('u', 0, 1), 0), (('u', 0, 2), 0), (('v', 0, 0), (k**2 - 4*k - 3)/((k - 3)*(k - 1))), (('v', 0, 1), (k + 1)/(k - 1)), (('v', 0, 2), 1/(k - 1)), ('mu', 1)]

CASE 1 A 1 free set()
WORKS 0 [(('u', 0, 0), (2*k + 1)/(2*k)), (('u', 1, 0), (k + 1)/(2*k)), (('v', 0, 0), 1), (('v', 1, 0), 1), (('v', 2, 0), 3/2), ('mu', -1/2)]

CASE 1 A -1 free set()
WORKS 0 [(('u', 0, 0), (2*k - 1)/(2*k)), (('u', 1, 0), (3*k - 1)/(2*k)), (('v', 0, 0), 1), (('v', 1, 0), 1), (('v', 2, 0), 1/2), ('mu', 1/2)]

CASE 1 X 1 free {v7}
WORKS 1/2 [(('u', 0, 0), (2*k**3 - 5*k**2 - 2*k + 1)/(2*k*(k - 1)**2)), (('u', 0, 1), (3*k**2 - 1)/(2*k*(k - 1))), (('u', 1, 0), (k**2 + 2*k - 1)/(2*k*(k - 1))), (('u', 1, 1), 1/(2*k)), (('v', 0, 0), k*(k**2 - 4*k + 5)/((k - 2)*(k - 1)**2)), (('v', 0, 1), (k**2 - 3*k + 1)/((k - 2)*(k - 1))), (('v', 1, 0), k/(k - 1)), (('v', 1, 1), 1/2), ('mu', -1/2)]

CASE 1 X -1 free {v7}
WORKS 3/2 [(('u', 0, 0), (2*k**3 - 3*k**2 + 6*k - 1)/(2*k*(k - 1)**2)), (('u', 0, 1), (k**2 - 4*k + 1)/(2*k*(k - 1))), (('u', 1, 0), (3*k**2 - 6*k + 1)/(2*k*(k - 1))), (('u', 1, 1), (4*k - 1)/(2*k)), (('v', 0, 0), (k**3 - 4*k**2 + 5*k - 4)/((k - 2)*(k - 1)**2)), (('v', 0, 1), (k**2 - 3*k + 3)/((k - 2)*(k - 1))), (('v', 1, 0), (k - 2)/(k - 1)), (('v', 1, 1), 3/2), ('mu', 1/2)]

CASE 1 B 1 free {v5}
WORKS 0 [(('u', 0, 0), (k - 3)/(k - 2)), (('u', 0, 1), 1), (('u', 0, 2), k + 1), (('v', 0, 0), (k**2 - 3*k + 4)/((k - 2)*(k - 1))), (('v', 0, 1), 1), (('v', 0, 2), 0), ('mu', -1)]

CASE 1 B -1 free {v5}
WORKS 0 [(('u', 0, 0), (k + 1)/(k - 2)), (('u', 0, 1), 0), (('u', 0, 2), 0), (('v', 0, 0), (k - 4)*(k + 1)/((k - 2)*(k - 1))), (('v', 0, 1), (k + 1)/(k - 1)), (('v', 0, 2), 0), ('mu', 1)]

CASE 2 A 1 free set()
WORKS 0 [(('u', 0, 0), (2*k + 5)/(2*(k + 2))), (('u', 1, 0), (k + 5)/(2*(k + 2))), (('v', 0, 0), 1), (('v', 1, 0), 1), (('v', 2, 0), (3*k + 4)/(2*(k + 2))), ('mu', -(k + 1)/(2*(k + 2)))]

CASE 2 A -1 free set()
WORKS 0 [(('u', 0, 0), (2*k + 3)/(2*(k + 2))), (('u', 1, 0), 3*(k + 1)/(2*(k + 2))), (('v', 0, 0), 1), (('v', 1, 0), 1), (('v', 2, 0), (k + 4)/(2*(k + 2))), ('mu', (k + 1)/(2*(k + 2)))]

CASE 2 X 1 free {v7}
WORKS 1/2 [(('u', 0, 0), (2*k**3 + k**2 - 7*k - 4)/(2*k*(k - 1)*(k + 2))), (('u', 0, 1), (3*k**2 + 4*k - 3)/(2*(k - 1)*(k + 2))), (('u', 1, 0), (k + 1)*(k + 4)/(2*k*(k + 2))), (('u', 1, 1), (k + 3)/(2*(k + 2))), (('v', 0, 0), (k**4 - k**3 - 4*k**2 + 4*k + 4)/(k*(k - 2)*(k - 1)*(k + 2))), (('v', 0, 1), (k**3 - k**2 - 4*k + 2)/((k - 2)*(k - 1)*(k + 2))), (('v', 1, 0), (k + 1)/k), (('v', 1, 1), 1/2), ('mu', -(k + 1)/(2*(k + 2)))]

CASE 2 X -1 free {v7}
WORKS 3/2 [(('u', 0, 0), (2*k**3 + 3*k**2 - k + 4)/(2*k*(k - 1)*(k + 2))), (('u', 0, 1), (k**2 - 5)/(2*(k - 1)*(k + 2))), (('u', 1, 0), (3*k**2 + 3*k - 4)/(2*k*(k + 2))), (('u', 1, 1), (3*k + 5)/(2*(k + 2))), (('v', 0, 0), (k**4 - k**3 - 4*k**2 + 4*k - 4)/(k*(k - 2)*(k - 1)*(k + 2))), (('v', 0, 1), (k**3 - k**2 - 4*k + 6)/((k - 2)*(k - 1)*(k + 2))), (('v', 1, 0), (k - 1)/k), (('v', 1, 1), 3/2), ('mu', (k + 1)/(2*(k + 2)))]

CASE 2 B 1 free {v5}
WORKS 0 [(('u', 0, 0), (k - 2)*(k + 1)**2/(k*(k - 1)*(k + 2))), (('u', 0, 1), (k + 1)**2/(k*(k + 2))), (('u', 0, 2), k + 1), (('v', 0, 0), (k + 1)*(k**3 - k**2 + 4)/(k*(k - 1)**2*(k + 2))), (('v', 0, 1), (k + 1)*(k**2 - 2)/(k*(k - 1)*(k + 2))), (('v', 0, 2), 0), ('mu', -(k + 1)/(k + 2))]

CASE 2 B -1 free {v5}
WORKS 0 [(('u', 0, 0), (k + 1)*(k**2 + 3*k - 2)/(k*(k - 1)*(k + 2))), (('u', 0, 1), (k + 1)/(k*(k + 2))), (('u', 0, 2), 0), (('v', 0, 0), (k + 1)*(k**3 - k**2 - 8*k + 4)/(k*(k - 1)**2*(k + 2))), (('v', 0, 1), (k + 1)*(k**2 + 2*k - 2)/(k*(k - 1)*(k + 2))), (('v', 0, 2), 0), ('mu', (k + 1)/(k + 2))]
